curl -N --raw -X GET http://localhost:8080/upload/progress/46919626-aa83-443b-a0b9-32e26c9e5a22
44
event: upload-progress
data: {"progress": "80", "complete": false}


45
event: upload-progress
data: {"progress": "100", "complete": false}


45
event: upload-progress
data: {"progress": "120", "complete": false}


45
event: upload-progress
data: {"progress": "140", "complete": false}


45
event: upload-progress
data: {"progress": "160", "complete": false}


45
event: upload-progress
data: {"progress": "180", "complete": false}


45
event: upload-progress
data: {"progress": "200", "complete": false}


45
event: upload-progress
data: {"progress": "220", "complete": false}


45
event: upload-progress
data: {"progress": "240", "complete": false}


45
event: upload-progress
data: {"progress": "260", "complete": false}


45
event: upload-progress
data: {"progress": "280", "complete": false}


45
event: upload-progress
data: {"progress": "300", "complete": false}


45
event: upload-progress
data: {"progress": "320", "complete": false}


45
event: upload-progress
data: {"progress": "340", "complete": false}


45
event: upload-progress
data: {"progress": "360", "complete": false}


45
event: upload-progress
data: {"progress": "380", "complete": false}


45
event: upload-progress
data: {"progress": "400", "complete": false}


45
event: upload-progress
data: {"progress": "420", "complete": false}


45
event: upload-progress
data: {"progress": "440", "complete": false}


45
event: upload-progress
data: {"progress": "460", "complete": false}


45
event: upload-progress
data: {"progress": "480", "complete": false}


45
event: upload-progress
data: {"progress": "500", "complete": false}


45
event: upload-progress
data: {"progress": "520", "complete": false}


45
event: upload-progress
data: {"progress": "540", "complete": false}


45
event: upload-progress
data: {"progress": "560", "complete": false}


45
event: upload-progress
data: {"progress": "580", "complete": false}


45
event: upload-progress
data: {"progress": "600", "complete": false}


45
event: upload-progress
data: {"progress": "620", "complete": false}


45
event: upload-progress
data: {"progress": "640", "complete": false}


45
event: upload-progress
data: {"progress": "660", "complete": false}


45
event: upload-progress
data: {"progress": "680", "complete": false}


45
event: upload-progress
data: {"progress": "700", "complete": false}


45
event: upload-progress
data: {"progress": "720", "complete": false}


45
event: upload-progress
data: {"progress": "740", "complete": false}


45
event: upload-progress
data: {"progress": "760", "complete": false}


45
event: upload-progress
data: {"progress": "780", "complete": false}


45
event: upload-progress
data: {"progress": "800", "complete": false}


45
event: upload-progress
data: {"progress": "820", "complete": false}


44
event: upload-progress
data: {"progress": "838", "complete": true}


0